Traceback (most recent call last):
  File "C:\Users\stefa\Documents\ThermalPhysicsBook\tp_env\lib\site-packages\jupyter_cache\executors\utils.py", line 58, in single_nb_execution
    executenb(
  File "C:\Users\stefa\Documents\ThermalPhysicsBook\tp_env\lib\site-packages\nbclient\client.py", line 1305, in execute
    return NotebookClient(nb=nb, resources=resources, km=km, **kwargs).execute()
  File "C:\Users\stefa\Documents\ThermalPhysicsBook\tp_env\lib\site-packages\jupyter_core\utils\__init__.py", line 165, in wrapped
    return loop.run_until_complete(inner)
  File "C:\Users\stefa\AppData\Local\Programs\Python\Python310\lib\asyncio\base_events.py", line 649, in run_until_complete
    return future.result()
  File "C:\Users\stefa\Documents\ThermalPhysicsBook\tp_env\lib\site-packages\nbclient\client.py", line 705, in async_execute
    await self.async_execute_cell(
  File "C:\Users\stefa\Documents\ThermalPhysicsBook\tp_env\lib\site-packages\nbclient\client.py", line 1058, in async_execute_cell
    await self._check_raise_for_error(cell, cell_index, exec_reply)
  File "C:\Users\stefa\Documents\ThermalPhysicsBook\tp_env\lib\site-packages\nbclient\client.py", line 914, in _check_raise_for_error
    raise CellExecutionError.from_cell_and_msg(cell, exec_reply_content)
nbclient.exceptions.CellExecutionError: An error occurred while executing the following cell:
------------------
kB = 1.38e-23
COLORS = ["#1E88E5", "#D81B60", "#FFC107", "#43A047"]

def f_MB(v, T, m):
    return 4*np.pi * (m/(2*np.pi*kB*T))**1.5 * v**2 * np.exp(-m*v**2/(2*kB*T))

m_N2 = 28e-3 / 6.022e23
v = np.linspace(0, 1600, 800)

cases = [
    (300, m_N2,             r"$N_2$, 300 K"),
    (500, m_N2,             r"$N_2$, 500 K"),
    (300, 2e-3/6.022e23,   r"$H_2$, 300 K"),
    (300, 32e-3/6.022e23,  r"$O_2$, 300 K"),
]

fig, ax = plt.subplots(figsize=(8, 4))
for (T, m, lab), col in zip(cases, COLORS):
    y = f_MB(v, T, m)
    ax.plot(v, y, color=col, linewidth=2, label=lab)
    # mark the three characteristic speeds
    vp   = np.sqrt(2*kB*T/m)
    vmean= np.sqrt(8*kB*T/(np.pi*m))
    vrms = np.sqrt(3*kB*T/m)
    for spd, ls in [(vp, '-'), (vmean, '--'), (vrms, ':')]:
        ax.axvline(spd, color=col, linestyle=ls, linewidth=0.8, alpha=0.6)

# Legend for line styles
from matplotlib.lines import Line2D
style_legend = [
    Line2D([0],[0], color='grey', linestyle='-',  label=r"$v_p$"),
    Line2D([0],[0], color='grey', linestyle='--', label=r"$\langle v 
angle$"),
    Line2D([0],[0], color='grey', linestyle=':',  label=r"$v_\mathrm{rms}$"),
]
leg1 = ax.legend(frameon=False, fontsize=9, loc='upper right')
ax.add_artist(leg1)
ax.legend(handles=style_legend, frameon=False, fontsize=9, loc='center right')

ax.set_xlabel(r"Speed $v$ (m s$^{-1}$)")
ax.set_ylabel(r"$f(v)$")
ax.grid(alpha=0.2)
plt.tight_layout()
plt.figtext(0.5, -0.04,
    r"Figure 3.1. Maxwell–Boltzmann speed distributions. "
    r"Vertical lines mark $v_p$ (solid), $\langle v
angle$ (dashed), $v_\mathrm{rms}$ (dotted).",
    ha="center", fontsize=10)
plt.show()

------------------


[1;36m  Cell [1;32mIn[5], line 32[1;36m[0m
[1;33m    Line2D([0],[0], color='grey', linestyle='--', label=r"$\langle v[0m
[1;37m                                                        ^[0m
[1;31mSyntaxError[0m[1;31m:[0m unterminated string literal (detected at line 32)


