Traceback (most recent call last):
  File "C:\Users\stefa\Documents\ThermalPhysicsBook\tp_env\lib\site-packages\jupyter_cache\executors\utils.py", line 58, in single_nb_execution
    executenb(
  File "C:\Users\stefa\Documents\ThermalPhysicsBook\tp_env\lib\site-packages\nbclient\client.py", line 1305, in execute
    return NotebookClient(nb=nb, resources=resources, km=km, **kwargs).execute()
  File "C:\Users\stefa\Documents\ThermalPhysicsBook\tp_env\lib\site-packages\jupyter_core\utils\__init__.py", line 165, in wrapped
    return loop.run_until_complete(inner)
  File "C:\Users\stefa\AppData\Local\Programs\Python\Python310\lib\asyncio\base_events.py", line 649, in run_until_complete
    return future.result()
  File "C:\Users\stefa\Documents\ThermalPhysicsBook\tp_env\lib\site-packages\nbclient\client.py", line 705, in async_execute
    await self.async_execute_cell(
  File "C:\Users\stefa\Documents\ThermalPhysicsBook\tp_env\lib\site-packages\nbclient\client.py", line 1058, in async_execute_cell
    await self._check_raise_for_error(cell, cell_index, exec_reply)
  File "C:\Users\stefa\Documents\ThermalPhysicsBook\tp_env\lib\site-packages\nbclient\client.py", line 914, in _check_raise_for_error
    raise CellExecutionError.from_cell_and_msg(cell, exec_reply_content)
nbclient.exceptions.CellExecutionError: An error occurred while executing the following cell:
------------------
CUD_COLORS = ["#1E88E5", "#D81B60", "#FFC107", "#43A047"]

def gaussian(x, mu, sigma):
    return 1 / (np.sqrt(2*np.pi)*sigma) * np.exp(-(x - mu)**2 / (2*sigma**2))

x = np.linspace(-5, 5, 500)

params = [
    (1, 0.2),
    (0, 1.0),
    (0, 5.0),
    (-2, 0.5)
]

plt.figure(figsize=(8, 5))

# Cycle through colours
for (mu, sigma), col in zip(params, CUD_COLORS):
    y = gaussian(x, mu, sigma)
    plt.plot(
        x, y,
        color=col,
        linewidth=2,
        label=f"$\\mu={mu},\\;\\sigma^2={sigma**2:.2f}$"
    )

plt.xlabel("$x$")
plt.ylabel("$f(x)$")
plt.legend()
plt.grid(alpha=0.2)
plt.tight_layout()

plt.figtext(
    x=0.55, y=-0.05,
    s="Gaussian Distributions for Various Means and Variances",
    ha='center'
)

plt.show()

------------------


[1;31m---------------------------------------------------------------------------[0m
[1;31mNameError[0m                                 Traceback (most recent call last)
Cell [1;32mIn[1], line 6[0m
[0;32m      3[0m [38;5;28;01mdef[39;00m[38;5;250m [39m[38;5;21mgaussian[39m(x, mu, sigma):
[0;32m      4[0m     [38;5;28;01mreturn[39;00m [38;5;241m1[39m [38;5;241m/[39m (np[38;5;241m.[39msqrt([38;5;241m2[39m[38;5;241m*[39mnp[38;5;241m.[39mpi)[38;5;241m*[39msigma) [38;5;241m*[39m np[38;5;241m.[39mexp([38;5;241m-[39m(x [38;5;241m-[39m mu)[38;5;241m*[39m[38;5;241m*[39m[38;5;241m2[39m [38;5;241m/[39m ([38;5;241m2[39m[38;5;241m*[39msigma[38;5;241m*[39m[38;5;241m*[39m[38;5;241m2[39m))
[1;32m----> 6[0m x [38;5;241m=[39m [43mnp[49m[38;5;241m.[39mlinspace([38;5;241m-[39m[38;5;241m5[39m, [38;5;241m5[39m, [38;5;241m500[39m)
[0;32m      8[0m params [38;5;241m=[39m [
[0;32m      9[0m     ([38;5;241m1[39m, [38;5;241m0.2[39m),
[0;32m     10[0m     ([38;5;241m0[39m, [38;5;241m1.0[39m),
[0;32m     11[0m     ([38;5;241m0[39m, [38;5;241m5.0[39m),
[0;32m     12[0m     ([38;5;241m-[39m[38;5;241m2[39m, [38;5;241m0.5[39m)
[0;32m     13[0m ]
[0;32m     15[0m plt[38;5;241m.[39mfigure(figsize[38;5;241m=[39m([38;5;241m8[39m, [38;5;241m5[39m))

[1;31mNameError[0m: name 'np' is not defined

